main.c:80:5:_write	24	static
main.c:90:16:platform_write	48	static
main.c:95:16:platform_read	48	static
main.c:106:5:main	120	static
main.c:194:6:SystemClock_Config	96	static
main.c:239:13:MX_I2C1_Init	8	static
main.c:285:13:MX_USART2_UART_Init	8	static
main.c:320:13:MX_GPIO_Init	56	static
main.c:369:6:StartDefaultTask	16	static
main.c:386:6:StartVisualTask	32	static
main.c:421:6:StartAcceleroTask	32	static
main.c:457:6:HAL_TIM_PeriodElapsedCallback	16	static
main.c:474:6:Error_Handler	8	static,ignoring_inline_asm
