main.c:79:5:_write	24	static
main.c:89:16:platform_write	48	static
main.c:95:16:platform_read	48	static
main.c:107:5:main	120	static
main.c:194:6:SystemClock_Config	96	static
main.c:235:13:MX_I2C1_Init	8	static
main.c:278:13:MX_USART2_UART_Init	8	static
main.c:311:13:MX_GPIO_Init	56	static
main.c:359:6:StartDefaultTask	16	static
main.c:375:6:StartVisualTask	32	static
main.c:408:6:StartAcceleroTask	40	static
main.c:486:6:HAL_TIM_PeriodElapsedCallback	16	static
main.c:502:6:Error_Handler	8	static,ignoring_inline_asm
